Number of GPUs available: 1
GPU 0: PhysicalDevice(name='/physical_device:GPU:0', device_type='GPU')
Total GAN training files processed: 50
Total classifier training/testing files processed: 118
Total labels processed: 118
(10, 91, 91, 146)
Epoch: 0, Batch: 1, Critic Loss: -22.749509811401367, Generator Loss: -0.3111940324306488
(10, 91, 91, 146)
Epoch: 0, Batch: 2, Critic Loss: -85.61786651611328, Generator Loss: -1.1149790287017822
(10, 91, 91, 146)
Epoch: 0, Batch: 3, Critic Loss: -271.2804260253906, Generator Loss: -2.6641688346862793
(10, 91, 91, 146)
Epoch: 0, Batch: 4, Critic Loss: -195.6615447998047, Generator Loss: -2.0066118240356445
(10, 91, 91, 146)
Epoch: 0, Batch: 5, Critic Loss: -297.31610107421875, Generator Loss: -2.211475372314453
(10, 91, 91, 146)
Epoch: 1, Batch: 1, Critic Loss: -397.2697448730469, Generator Loss: -3.346701145172119
(10, 91, 91, 146)
Epoch: 1, Batch: 2, Critic Loss: -226.6835479736328, Generator Loss: 3.632683515548706
(10, 91, 91, 146)
Epoch: 1, Batch: 3, Critic Loss: -245.21743774414062, Generator Loss: 9.323893547058105
(10, 91, 91, 146)
Epoch: 1, Batch: 4, Critic Loss: -374.6251220703125, Generator Loss: 3.8492538928985596
(10, 91, 91, 146)
Epoch: 1, Batch: 5, Critic Loss: -249.90841674804688, Generator Loss: 6.999220371246338
(10, 91, 91, 146)
Epoch: 2, Batch: 1, Critic Loss: -236.66053771972656, Generator Loss: 6.670045375823975
(10, 91, 91, 146)
Epoch: 2, Batch: 2, Critic Loss: -278.33294677734375, Generator Loss: 2.5828113555908203
(10, 91, 91, 146)
Epoch: 2, Batch: 3, Critic Loss: -268.10687255859375, Generator Loss: 4.064816474914551
(10, 91, 91, 146)
Epoch: 2, Batch: 4, Critic Loss: -290.2646789550781, Generator Loss: 0.944756805896759
(10, 91, 91, 146)
Epoch: 2, Batch: 5, Critic Loss: -485.33966064453125, Generator Loss: -1.828597068786621
(10, 91, 91, 146)
Epoch: 3, Batch: 1, Critic Loss: -368.9144287109375, Generator Loss: 0.31182989478111267
(10, 91, 91, 146)
Epoch: 3, Batch: 2, Critic Loss: -320.03436279296875, Generator Loss: -0.6583724021911621
(10, 91, 91, 146)
Epoch: 3, Batch: 3, Critic Loss: -188.66220092773438, Generator Loss: 1.821047067642212
(10, 91, 91, 146)
Epoch: 3, Batch: 4, Critic Loss: -330.5998229980469, Generator Loss: -0.7612146139144897
(10, 91, 91, 146)
Epoch: 3, Batch: 5, Critic Loss: -361.03265380859375, Generator Loss: -5.68843412399292
(10, 91, 91, 146)
Epoch: 4, Batch: 1, Critic Loss: -365.88677978515625, Generator Loss: -13.28930950164795
(10, 91, 91, 146)
Epoch: 4, Batch: 2, Critic Loss: -223.94557189941406, Generator Loss: -5.147542953491211
(10, 91, 91, 146)
Epoch: 4, Batch: 3, Critic Loss: -423.6870422363281, Generator Loss: -12.895233154296875
(10, 91, 91, 146)
Epoch: 4, Batch: 4, Critic Loss: -289.14471435546875, Generator Loss: -11.557394027709961
(10, 91, 91, 146)
Epoch: 4, Batch: 5, Critic Loss: -247.1442413330078, Generator Loss: -12.289956092834473
(10, 91, 91, 146)
Epoch: 5, Batch: 1, Critic Loss: -528.1025390625, Generator Loss: -37.62590789794922
(10, 91, 91, 146)
Epoch: 5, Batch: 2, Critic Loss: -227.11911010742188, Generator Loss: -15.148977279663086
(10, 91, 91, 146)
Epoch: 5, Batch: 3, Critic Loss: -315.0430603027344, Generator Loss: -27.987407684326172
(10, 91, 91, 146)
Epoch: 5, Batch: 4, Critic Loss: -228.58326721191406, Generator Loss: -19.576160430908203
(10, 91, 91, 146)
Epoch: 5, Batch: 5, Critic Loss: -277.77801513671875, Generator Loss: -21.96765899658203
(10, 91, 91, 146)
Epoch: 6, Batch: 1, Critic Loss: -259.8326110839844, Generator Loss: -30.277027130126953
(10, 91, 91, 146)
Epoch: 6, Batch: 2, Critic Loss: -194.97071838378906, Generator Loss: -19.827350616455078
(10, 91, 91, 146)
Epoch: 6, Batch: 3, Critic Loss: -392.7122802734375, Generator Loss: -41.31635284423828
(10, 91, 91, 146)
Epoch: 6, Batch: 4, Critic Loss: -394.26275634765625, Generator Loss: -43.55588912963867
(10, 91, 91, 146)
Epoch: 6, Batch: 5, Critic Loss: -247.07965087890625, Generator Loss: -26.64133644104004
(10, 91, 91, 146)
Epoch: 7, Batch: 1, Critic Loss: -230.02957153320312, Generator Loss: -18.528371810913086
(10, 91, 91, 146)
Epoch: 7, Batch: 2, Critic Loss: -428.8798828125, Generator Loss: -59.418846130371094
(10, 91, 91, 146)
Epoch: 7, Batch: 3, Critic Loss: -261.7737121582031, Generator Loss: -31.536083221435547
(10, 91, 91, 146)
Epoch: 7, Batch: 4, Critic Loss: -238.332275390625, Generator Loss: -39.415069580078125
(10, 91, 91, 146)
Epoch: 7, Batch: 5, Critic Loss: -364.2467956542969, Generator Loss: -59.00139236450195
(10, 91, 91, 146)
Epoch: 8, Batch: 1, Critic Loss: -203.71115112304688, Generator Loss: -31.1791934967041
(10, 91, 91, 146)
Epoch: 8, Batch: 2, Critic Loss: -287.81878662109375, Generator Loss: -52.63665771484375
(10, 91, 91, 146)
Epoch: 8, Batch: 3, Critic Loss: -270.175537109375, Generator Loss: -57.537445068359375
(10, 91, 91, 146)
Epoch: 8, Batch: 4, Critic Loss: -210.36676025390625, Generator Loss: -26.685583114624023
(10, 91, 91, 146)
Epoch: 8, Batch: 5, Critic Loss: -447.237548828125, Generator Loss: -66.38432312011719
(10, 91, 91, 146)
Epoch: 9, Batch: 1, Critic Loss: -227.8561553955078, Generator Loss: -31.955341339111328
(10, 91, 91, 146)
Epoch: 9, Batch: 2, Critic Loss: -242.4612579345703, Generator Loss: -47.78954315185547
(10, 91, 91, 146)
Epoch: 9, Batch: 3, Critic Loss: -342.5152282714844, Generator Loss: -61.620933532714844
(10, 91, 91, 146)
Epoch: 9, Batch: 4, Critic Loss: -364.26300048828125, Generator Loss: -64.83934020996094
(10, 91, 91, 146)
Epoch: 9, Batch: 5, Critic Loss: -277.9756774902344, Generator Loss: -50.200157165527344
Epoch 1/14
 1/10 [==>...........................] - ETA: 9s - loss: 35.9565 - accuracy: 0.4000 5/10 [==============>...............] - ETA: 0s - loss: 20.8104 - accuracy: 0.560010/10 [==============================] - ETA: 0s - loss: 21.1257 - accuracy: 0.489410/10 [==============================] - 1s 41ms/step - loss: 21.1257 - accuracy: 0.4894 - val_loss: 6.7837 - val_accuracy: 0.4167
Epoch 2/14
 1/10 [==>...........................] - ETA: 0s - loss: 31.1656 - accuracy: 0.5000 6/10 [=================>............] - ETA: 0s - loss: 18.0280 - accuracy: 0.466710/10 [==============================] - ETA: 0s - loss: 21.0958 - accuracy: 0.500010/10 [==============================] - 0s 16ms/step - loss: 21.0958 - accuracy: 0.5000 - val_loss: 2.8171 - val_accuracy: 0.5833
Epoch 3/14
 1/10 [==>...........................] - ETA: 0s - loss: 34.4218 - accuracy: 0.4000 6/10 [=================>............] - ETA: 0s - loss: 25.1816 - accuracy: 0.433310/10 [==============================] - 0s 16ms/step - loss: 22.0024 - accuracy: 0.4894 - val_loss: 4.8334 - val_accuracy: 0.4167
Epoch 4/14
 1/10 [==>...........................] - ETA: 0s - loss: 74.6129 - accuracy: 0.3000 6/10 [=================>............] - ETA: 0s - loss: 26.3716 - accuracy: 0.450010/10 [==============================] - 0s 16ms/step - loss: 23.7793 - accuracy: 0.4894 - val_loss: 5.5761 - val_accuracy: 0.3750
Epoch 5/14
 1/10 [==>...........................] - ETA: 0s - loss: 18.1844 - accuracy: 0.3000 6/10 [=================>............] - ETA: 0s - loss: 19.1744 - accuracy: 0.600010/10 [==============================] - 0s 17ms/step - loss: 22.2164 - accuracy: 0.5638 - val_loss: 5.0555 - val_accuracy: 0.3750
Epoch 6/14
 1/10 [==>...........................] - ETA: 0s - loss: 27.0417 - accuracy: 0.4000 5/10 [==============>...............] - ETA: 0s - loss: 18.9690 - accuracy: 0.5200 9/10 [==========================>...] - ETA: 0s - loss: 25.4118 - accuracy: 0.500010/10 [==============================] - 0s 17ms/step - loss: 24.7759 - accuracy: 0.5000 - val_loss: 6.0031 - val_accuracy: 0.3750
Epoch 7/14
 1/10 [==>...........................] - ETA: 0s - loss: 10.8379 - accuracy: 0.6000 6/10 [=================>............] - ETA: 0s - loss: 16.0655 - accuracy: 0.516710/10 [==============================] - 0s 16ms/step - loss: 16.1601 - accuracy: 0.5426 - val_loss: 3.6686 - val_accuracy: 0.4167
Epoch 8/14
 1/10 [==>...........................] - ETA: 0s - loss: 39.0782 - accuracy: 0.5000 6/10 [=================>............] - ETA: 0s - loss: 19.4446 - accuracy: 0.550010/10 [==============================] - 0s 16ms/step - loss: 19.4047 - accuracy: 0.5532 - val_loss: 5.9155 - val_accuracy: 0.3750
Epoch 9/14
 1/10 [==>...........................] - ETA: 0s - loss: 7.9079 - accuracy: 0.7000 6/10 [=================>............] - ETA: 0s - loss: 24.3779 - accuracy: 0.500010/10 [==============================] - 0s 15ms/step - loss: 23.3444 - accuracy: 0.5319 - val_loss: 6.1003 - val_accuracy: 0.3750
Epoch 10/14
 1/10 [==>...........................] - ETA: 0s - loss: 11.6349 - accuracy: 0.4000 6/10 [=================>............] - ETA: 0s - loss: 15.2649 - accuracy: 0.500010/10 [==============================] - 0s 16ms/step - loss: 16.7263 - accuracy: 0.5106 - val_loss: 6.2673 - val_accuracy: 0.3750
Epoch 11/14
 1/10 [==>...........................] - ETA: 0s - loss: 10.4146 - accuracy: 0.5000 6/10 [=================>............] - ETA: 0s - loss: 20.8083 - accuracy: 0.450010/10 [==============================] - 0s 16ms/step - loss: 19.4088 - accuracy: 0.4894 - val_loss: 8.7926 - val_accuracy: 0.3333
Epoch 12/14
 1/10 [==>...........................] - ETA: 0s - loss: 70.3432 - accuracy: 0.4000 6/10 [=================>............] - ETA: 0s - loss: 23.6050 - accuracy: 0.550010/10 [==============================] - 0s 17ms/step - loss: 23.5200 - accuracy: 0.5532 - val_loss: 5.7744 - val_accuracy: 0.3750
Epoch 13/14
 1/10 [==>...........................] - ETA: 0s - loss: 30.6205 - accuracy: 0.5000 5/10 [==============>...............] - ETA: 0s - loss: 26.4879 - accuracy: 0.4000 9/10 [==========================>...] - ETA: 0s - loss: 24.4419 - accuracy: 0.433310/10 [==============================] - 0s 17ms/step - loss: 23.4018 - accuracy: 0.4574 - val_loss: 5.6810 - val_accuracy: 0.3750
Epoch 14/14
 1/10 [==>...........................] - ETA: 0s - loss: 3.4227 - accuracy: 0.8000 5/10 [==============>...............] - ETA: 0s - loss: 17.8598 - accuracy: 0.4800 9/10 [==========================>...] - ETA: 0s - loss: 14.7160 - accuracy: 0.566710/10 [==============================] - 0s 18ms/step - loss: 14.7488 - accuracy: 0.5638 - val_loss: 6.2880 - val_accuracy: 0.3750
Current batch size: 10
1/1 [==============================] - ETA: 0s1/1 [==============================] - 0s 58ms/step
Current batch size: 8
1/1 [==============================] - ETA: 0s1/1 [==============================] - 0s 286ms/step
Test Loss: 2.9679399728775024, Test Accuracy: 0.5800000131130219
Actual labels vs. Predicted labels:
Image 1: Actual: 0, Predicted: 0
Image 2: Actual: 0, Predicted: 0
Image 3: Actual: 1, Predicted: 0
Image 4: Actual: 0, Predicted: 0
Image 5: Actual: 0, Predicted: 0
Image 6: Actual: 1, Predicted: 0
Image 7: Actual: 0, Predicted: 1
Image 8: Actual: 0, Predicted: 0
Image 9: Actual: 0, Predicted: 0
Image 10: Actual: 1, Predicted: 0
Image 11: Actual: 1, Predicted: 1
Image 12: Actual: 1, Predicted: 1
Image 13: Actual: 1, Predicted: 1
Image 14: Actual: 0, Predicted: 0
Image 15: Actual: 1, Predicted: 1
Image 16: Actual: 1, Predicted: 0
Image 17: Actual: 1, Predicted: 0
Image 18: Actual: 0, Predicted: 0

Average Test Loss over 1 iterations: 2.9679399728775024
Average Test Accuracy over 1 iterations: 0.5800000131130219
Number of GPUs available: 1
GPU 0: PhysicalDevice(name='/physical_device:GPU:0', device_type='GPU')
Total GAN training files processed: 50
Total classifier training/testing files processed: 118
Total labels processed: 118
(10, 91, 91, 146)
Epoch: 0, Batch: 1, Critic Loss: -17.089275360107422, Generator Loss: -0.301337867975235
(10, 91, 91, 146)
Epoch: 0, Batch: 2, Critic Loss: -119.75513458251953, Generator Loss: -1.607135534286499
(10, 91, 91, 146)
Epoch: 0, Batch: 3, Critic Loss: -224.21072387695312, Generator Loss: -2.284837245941162
(10, 91, 91, 146)
Epoch: 0, Batch: 4, Critic Loss: -283.24554443359375, Generator Loss: -3.128098249435425
(10, 91, 91, 146)
Epoch: 0, Batch: 5, Critic Loss: -268.2467041015625, Generator Loss: -3.2393956184387207
(10, 91, 91, 146)
Epoch: 1, Batch: 1, Critic Loss: -285.0744934082031, Generator Loss: -2.9492146968841553
(10, 91, 91, 146)
Epoch: 1, Batch: 2, Critic Loss: -324.01116943359375, Generator Loss: -3.5231754779815674
(10, 91, 91, 146)
Epoch: 1, Batch: 3, Critic Loss: -232.8173828125, Generator Loss: 1.2084153890609741
(10, 91, 91, 146)
Epoch: 1, Batch: 4, Critic Loss: -346.43316650390625, Generator Loss: 4.544571399688721
(10, 91, 91, 146)
Epoch: 1, Batch: 5, Critic Loss: -294.62255859375, Generator Loss: 4.436715602874756
(10, 91, 91, 146)
Epoch: 2, Batch: 1, Critic Loss: -327.2738342285156, Generator Loss: 3.3490707874298096
(10, 91, 91, 146)
Epoch: 2, Batch: 2, Critic Loss: -307.45635986328125, Generator Loss: 1.0093783140182495
(10, 91, 91, 146)
Epoch: 2, Batch: 3, Critic Loss: -355.98583984375, Generator Loss: -2.3821403980255127
(10, 91, 91, 146)
Epoch: 2, Batch: 4, Critic Loss: -308.9953308105469, Generator Loss: -1.1005229949951172
(10, 91, 91, 146)
Epoch: 2, Batch: 5, Critic Loss: -250.37010192871094, Generator Loss: -1.5436944961547852
(10, 91, 91, 146)
Epoch: 3, Batch: 1, Critic Loss: -246.34481811523438, Generator Loss: -2.5759449005126953
(10, 91, 91, 146)
Epoch: 3, Batch: 2, Critic Loss: -300.2486267089844, Generator Loss: -6.879373073577881
(10, 91, 91, 146)
Epoch: 3, Batch: 3, Critic Loss: -311.18572998046875, Generator Loss: -8.572929382324219
(10, 91, 91, 146)
Epoch: 3, Batch: 4, Critic Loss: -358.4909362792969, Generator Loss: -11.325023651123047
(10, 91, 91, 146)
Epoch: 3, Batch: 5, Critic Loss: -351.4340515136719, Generator Loss: -12.49921989440918
(10, 91, 91, 146)
Epoch: 4, Batch: 1, Critic Loss: -265.3856201171875, Generator Loss: -9.143259048461914
(10, 91, 91, 146)
Epoch: 4, Batch: 2, Critic Loss: -304.79388427734375, Generator Loss: -12.431174278259277
(10, 91, 91, 146)
Epoch: 4, Batch: 3, Critic Loss: -283.7205505371094, Generator Loss: -11.436429023742676
(10, 91, 91, 146)
Epoch: 4, Batch: 4, Critic Loss: -495.7628479003906, Generator Loss: -27.971139907836914
(10, 91, 91, 146)
Epoch: 4, Batch: 5, Critic Loss: -199.42349243164062, Generator Loss: -17.928348541259766
(10, 91, 91, 146)
Epoch: 5, Batch: 1, Critic Loss: -220.70864868164062, Generator Loss: -16.092870712280273
(10, 91, 91, 146)
Epoch: 5, Batch: 2, Critic Loss: -319.03778076171875, Generator Loss: -28.23416519165039
(10, 91, 91, 146)
Epoch: 5, Batch: 3, Critic Loss: -364.92816162109375, Generator Loss: -29.923782348632812
(10, 91, 91, 146)
Epoch: 5, Batch: 4, Critic Loss: -267.47967529296875, Generator Loss: -29.225000381469727
(10, 91, 91, 146)
Epoch: 5, Batch: 5, Critic Loss: -347.6359558105469, Generator Loss: -39.594295501708984
(10, 91, 91, 146)
Epoch: 6, Batch: 1, Critic Loss: -253.78182983398438, Generator Loss: -32.280067443847656
(10, 91, 91, 146)
Epoch: 6, Batch: 2, Critic Loss: -331.2257385253906, Generator Loss: -36.485626220703125
(10, 91, 91, 146)
Epoch: 6, Batch: 3, Critic Loss: -230.95700073242188, Generator Loss: -29.523509979248047
(10, 91, 91, 146)
Epoch: 6, Batch: 4, Critic Loss: -408.8375549316406, Generator Loss: -54.634368896484375
(10, 91, 91, 146)
Epoch: 6, Batch: 5, Critic Loss: -236.5258026123047, Generator Loss: -34.54747772216797
(10, 91, 91, 146)
Epoch: 7, Batch: 1, Critic Loss: -269.3014831542969, Generator Loss: -38.0972785949707
(10, 91, 91, 146)
Epoch: 7, Batch: 2, Critic Loss: -307.4208984375, Generator Loss: -54.6547737121582
(10, 91, 91, 146)
Epoch: 7, Batch: 3, Critic Loss: -352.67230224609375, Generator Loss: -53.749778747558594
(10, 91, 91, 146)
Epoch: 7, Batch: 4, Critic Loss: -335.8017272949219, Generator Loss: -57.643699645996094
(10, 91, 91, 146)
Epoch: 7, Batch: 5, Critic Loss: -208.1968536376953, Generator Loss: -33.44575119018555
(10, 91, 91, 146)
Epoch: 8, Batch: 1, Critic Loss: -203.90321350097656, Generator Loss: -28.055648803710938
(10, 91, 91, 146)
Epoch: 8, Batch: 2, Critic Loss: -394.8885498046875, Generator Loss: -65.81868743896484
(10, 91, 91, 146)
Epoch: 8, Batch: 3, Critic Loss: -453.1511535644531, Generator Loss: -84.09873962402344
(10, 91, 91, 146)
Epoch: 8, Batch: 4, Critic Loss: -169.03514099121094, Generator Loss: -25.499502182006836
(10, 91, 91, 146)
Epoch: 8, Batch: 5, Critic Loss: -321.1917419433594, Generator Loss: -36.6439094543457
(10, 91, 91, 146)
Epoch: 9, Batch: 1, Critic Loss: -308.9974670410156, Generator Loss: -34.26301956176758
(10, 91, 91, 146)
Epoch: 9, Batch: 2, Critic Loss: -211.4420166015625, Generator Loss: -47.96028518676758
(10, 91, 91, 146)
Epoch: 9, Batch: 3, Critic Loss: -311.7283020019531, Generator Loss: -49.48120880126953
(10, 91, 91, 146)
Epoch: 9, Batch: 4, Critic Loss: -270.04217529296875, Generator Loss: -62.8978271484375
(10, 91, 91, 146)
Epoch: 9, Batch: 5, Critic Loss: -339.7146911621094, Generator Loss: -79.46761322021484
Epoch 1/14
 1/10 [==>...........................] - ETA: 9s - loss: 61.1593 - accuracy: 0.4000 5/10 [==============>...............] - ETA: 0s - loss: 23.0339 - accuracy: 0.6000 9/10 [==========================>...] - ETA: 0s - loss: 20.2710 - accuracy: 0.566710/10 [==============================] - ETA: 0s - loss: 19.5556 - accuracy: 0.574510/10 [==============================] - 1s 45ms/step - loss: 19.5556 - accuracy: 0.5745 - val_loss: 9.6508 - val_accuracy: 0.3333
Epoch 2/14
 1/10 [==>...........................] - ETA: 0s - loss: 29.8568 - accuracy: 0.4000 5/10 [==============>...............] - ETA: 0s - loss: 18.5721 - accuracy: 0.5800 8/10 [=======================>......] - ETA: 0s - loss: 23.4482 - accuracy: 0.500010/10 [==============================] - 0s 22ms/step - loss: 24.6602 - accuracy: 0.4787 - val_loss: 6.6738 - val_accuracy: 0.4167
Epoch 3/14
 1/10 [==>...........................] - ETA: 0s - loss: 13.0161 - accuracy: 0.6000 5/10 [==============>...............] - ETA: 0s - loss: 24.9538 - accuracy: 0.4600 9/10 [==========================>...] - ETA: 0s - loss: 23.4711 - accuracy: 0.444410/10 [==============================] - 0s 21ms/step - loss: 24.1842 - accuracy: 0.4362 - val_loss: 3.7497 - val_accuracy: 0.4167
Epoch 4/14
 1/10 [==>...........................] - ETA: 0s - loss: 46.1331 - accuracy: 0.5000 5/10 [==============>...............] - ETA: 0s - loss: 22.3464 - accuracy: 0.4600 9/10 [==========================>...] - ETA: 0s - loss: 18.3836 - accuracy: 0.500010/10 [==============================] - 0s 19ms/step - loss: 19.1733 - accuracy: 0.4787 - val_loss: 4.5549 - val_accuracy: 0.4167
Epoch 5/14
 1/10 [==>...........................] - ETA: 0s - loss: 15.8566 - accuracy: 0.8000 5/10 [==============>...............] - ETA: 0s - loss: 16.4850 - accuracy: 0.6000 9/10 [==========================>...] - ETA: 0s - loss: 15.3565 - accuracy: 0.600010/10 [==============================] - 0s 18ms/step - loss: 15.2313 - accuracy: 0.5851 - val_loss: 3.2514 - val_accuracy: 0.4583
Epoch 6/14
 1/10 [==>...........................] - ETA: 0s - loss: 30.5697 - accuracy: 0.6000 5/10 [==============>...............] - ETA: 0s - loss: 18.7693 - accuracy: 0.5800 9/10 [==========================>...] - ETA: 0s - loss: 19.6605 - accuracy: 0.533310/10 [==============================] - 0s 18ms/step - loss: 19.4975 - accuracy: 0.5319 - val_loss: 3.2595 - val_accuracy: 0.4583
Epoch 7/14
 1/10 [==>...........................] - ETA: 0s - loss: 44.3514 - accuracy: 0.3000 5/10 [==============>...............] - ETA: 0s - loss: 17.6069 - accuracy: 0.5600 9/10 [==========================>...] - ETA: 0s - loss: 19.5465 - accuracy: 0.544410/10 [==============================] - 0s 17ms/step - loss: 19.2075 - accuracy: 0.5319 - val_loss: 3.8824 - val_accuracy: 0.4167
Epoch 8/14
 1/10 [==>...........................] - ETA: 0s - loss: 26.1638 - accuracy: 0.5000 5/10 [==============>...............] - ETA: 0s - loss: 11.1084 - accuracy: 0.6000 9/10 [==========================>...] - ETA: 0s - loss: 13.7134 - accuracy: 0.577810/10 [==============================] - 0s 18ms/step - loss: 15.6537 - accuracy: 0.5745 - val_loss: 5.5987 - val_accuracy: 0.3750
Epoch 9/14
 1/10 [==>...........................] - ETA: 0s - loss: 18.4151 - accuracy: 0.6000 5/10 [==============>...............] - ETA: 0s - loss: 17.4543 - accuracy: 0.5400 9/10 [==========================>...] - ETA: 0s - loss: 17.8614 - accuracy: 0.477810/10 [==============================] - 0s 18ms/step - loss: 17.8123 - accuracy: 0.4787 - val_loss: 3.8579 - val_accuracy: 0.4167
Epoch 10/14
 1/10 [==>...........................] - ETA: 0s - loss: 36.6703 - accuracy: 0.5000 6/10 [=================>............] - ETA: 0s - loss: 24.8424 - accuracy: 0.483310/10 [==============================] - ETA: 0s - loss: 21.8740 - accuracy: 0.489410/10 [==============================] - 0s 17ms/step - loss: 21.8740 - accuracy: 0.4894 - val_loss: 2.9642 - val_accuracy: 0.5000
Epoch 11/14
 1/10 [==>...........................] - ETA: 0s - loss: 15.1920 - accuracy: 0.5000 5/10 [==============>...............] - ETA: 0s - loss: 15.3289 - accuracy: 0.540010/10 [==============================] - ETA: 0s - loss: 20.0230 - accuracy: 0.446810/10 [==============================] - 0s 17ms/step - loss: 20.0230 - accuracy: 0.4468 - val_loss: 4.9657 - val_accuracy: 0.3750
Epoch 12/14
 1/10 [==>...........................] - ETA: 0s - loss: 26.6867 - accuracy: 0.5000 5/10 [==============>...............] - ETA: 0s - loss: 21.0243 - accuracy: 0.400010/10 [==============================] - ETA: 0s - loss: 25.7432 - accuracy: 0.425510/10 [==============================] - 0s 17ms/step - loss: 25.7432 - accuracy: 0.4255 - val_loss: 4.3325 - val_accuracy: 0.4167
Epoch 13/14
 1/10 [==>...........................] - ETA: 0s - loss: 10.6016 - accuracy: 0.7000 5/10 [==============>...............] - ETA: 0s - loss: 18.8343 - accuracy: 0.5200 9/10 [==========================>...] - ETA: 0s - loss: 18.8978 - accuracy: 0.433310/10 [==============================] - 0s 19ms/step - loss: 19.4991 - accuracy: 0.4255 - val_loss: 2.7895 - val_accuracy: 0.5000
Epoch 14/14
 1/10 [==>...........................] - ETA: 0s - loss: 37.7273 - accuracy: 0.5000 6/10 [=================>............] - ETA: 0s - loss: 21.1040 - accuracy: 0.533310/10 [==============================] - 0s 18ms/step - loss: 19.4939 - accuracy: 0.5106 - val_loss: 3.6133 - val_accuracy: 0.4167
Current batch size: 10
1/1 [==============================] - ETA: 0s1/1 [==============================] - 0s 58ms/step
Current batch size: 8
1/1 [==============================] - ETA: 0s1/1 [==============================] - 0s 279ms/step
Test Loss: 2.2195799350738525, Test Accuracy: 0.5625
Actual labels vs. Predicted labels:
Image 1: Actual: 0, Predicted: 0
Image 2: Actual: 0, Predicted: 0
Image 3: Actual: 1, Predicted: 1
Image 4: Actual: 0, Predicted: 1
Image 5: Actual: 0, Predicted: 0
Image 6: Actual: 1, Predicted: 0
Image 7: Actual: 0, Predicted: 1
Image 8: Actual: 0, Predicted: 1
Image 9: Actual: 0, Predicted: 0
Image 10: Actual: 1, Predicted: 1
Image 11: Actual: 1, Predicted: 1
Image 12: Actual: 1, Predicted: 1
Image 13: Actual: 1, Predicted: 1
Image 14: Actual: 0, Predicted: 0
Image 15: Actual: 1, Predicted: 1
Image 16: Actual: 1, Predicted: 0
Image 17: Actual: 1, Predicted: 1
Image 18: Actual: 0, Predicted: 1

Average Test Loss over 1 iterations: 2.2195799350738525
Average Test Accuracy over 1 iterations: 0.5625
